Copyright 1986-2022 Xilinx, Inc. All Rights Reserved. Copyright 2022-2023 Advanced Micro Devices, Inc. All Rights Reserved.
---------------------------------------------------------------------------------------------------------------------------------------------
| Tool Version : Vivado v.2023.2 (win64) Build 4029153 Fri Oct 13 20:14:34 MDT 2023
| Date         : Tue Aug  4 04:17:46 2026
| Host         : SKY-20240816EVR running 64-bit major release  (build 9200)
| Command      : report_design_analysis -congestion -file impl_congestion_age_matrix.rpt
| Design       : soc_top
| Device       : xc7a200t
| Design State : Routed
---------------------------------------------------------------------------------------------------------------------------------------------

Report Design Analysis

Table of Contents
-----------------
1. Placer Final Level Congestion Reporting
2. Initial Estimated Router Congestion Reporting
3. SLR Net Crossing Reporting

1. Placer Final Level Congestion Reporting
------------------------------------------

+-----------+--------+-------+------------+----------------------------------+---------------+---------------+-----+--------+------+------+------+-----+-------+-----+------------------------------------------------------------------------------------------------+
| Direction |  Type  | Level | Congestion |              Window              | Combined LUTs | Avg LUT Input | LUT | LUTRAM | Flop | MUXF | RAMB | DSP | CARRY | SRL |                                           Cell Names                                           |
+-----------+--------+-------+------------+----------------------------------+---------------+---------------+-----+--------+------+------+------+-----+-------+-----+------------------------------------------------------------------------------------------------+
| East      | Global |     5 |       107% | (CLBLM_L_X56Y76,CLBLL_R_X87Y107) |            0% |         4.631 | 85% | 0%     |  29% |  11% | 0%   | 0%  |    0% |  0% | u_cpu/core_inst/alu_iq(41%),u_cpu/core_inst/rob_inst(29%),u_cpu/core_inst/rename/freelist(15%) |
+-----------+--------+-------+------------+----------------------------------+---------------+---------------+-----+--------+------+------+------+-----+-------+-----+------------------------------------------------------------------------------------------------+


2. Initial Estimated Router Congestion Reporting
------------------------------------------------

+-----------+------+-------+------------------+--------+---------------+---------------+-----+--------+------+------+------+-----+-------+-----+------------+
| Direction | Type | Level | Percentage Tiles | Window | Combined LUTs | Avg LUT Input | LUT | LUTRAM | Flop | MUXF | RAMB | DSP | CARRY | SRL | Cell Names |
+-----------+------+-------+------------------+--------+---------------+---------------+-----+--------+------+------+------+-----+-------+-----+------------+
* No initial estimated congestion windows are found above level 5


3. SLR Net Crossing Reporting
-----------------------------

+------------+-----------------------------+
| Cell Names | Number of Nets crossing SLR |
+------------+-----------------------------+
* The current part is not an SSI device


